// Jest Snapshot v1, https://goo.gl/fbAQLP

exports[`PickerModal renders correctly 1`] = `
<View
  style={
    Object {
      "alignItems": "center",
      "flex": 0.3,
      "flexDirection": "column",
      "justifyContent": "flex-start",
    }
  }
>
  <Text
    accessible={true}
    allowFontScaling={true}
    ellipsizeMode="tail"
    style={
      Object {
        "marginBottom": 15,
        "textAlign": "center",
      }
    }
  />
  <Text
    accessible={true}
    allowFontScaling={true}
    ellipsizeMode="tail"
    style={
      Object {
        "backgroundColor": "white",
        "padding": "2%",
        "width": "90%",
      }
    }
  />
  <Modal
    animationType="slide"
    hardwareAccelerated={false}
    onDismiss={[Function]}
    onRequestClose={[Function]}
    transparent={true}
    visible={true}
  >
    <View
      style={
        Object {
          "flex": 1,
          "justifyContent": "flex-end",
        }
      }
    >
      <View
        style={
          Object {
            "backgroundColor": "#ffffff",
            "height": 466.9,
          }
        }
      >
        <View
          accessibilityComponentType="button"
          accessibilityTraits={
            Array [
              "button",
            ]
          }
          accessible={true}
          isTVSelectable={true}
          onResponderGrant={[Function]}
          onResponderMove={[Function]}
          onResponderRelease={[Function]}
          onResponderTerminate={[Function]}
          onResponderTerminationRequest={[Function]}
          onStartShouldSetResponder={[Function]}
          style={
            Object {
              "opacity": 1,
            }
          }
        >
          <View
            style={
              Array [
                Object {},
              ]
            }
          >
            <Text
              accessible={true}
              allowFontScaling={true}
              ellipsizeMode="tail"
              style={
                Array [
                  Object {
                    "color": "#007AFF",
                    "fontSize": 18,
                    "padding": 8,
                    "textAlign": "center",
                  },
                ]
              }
            >
              OK
            </Text>
          </View>
        </View>
      </View>
    </View>
  </Modal>
</View>
`;
