// Jest Snapshot v1, https://goo.gl/fbAQLP

exports[`MapScreen renders correctly 1`] = `
<View
  onLayout={[Function]}
  style={
    Array [
      undefined,
      Object {
        "flex": 1,
        "overflow": "hidden",
      },
    ]
  }
>
  <View
    style={
      Object {
        "backgroundColor": "#f4f4f4",
        "flex": 1,
        "marginTop": 104,
      }
    }
  >
    <ActivityIndicator
      animating={true}
      color="#999999"
      hidesWhenStopped={true}
      size="small"
      style={
        Object {
          "marginTop": 80,
        }
      }
    />
  </View>
  <View
    style={
      Object {
        "bottom": 1230,
        "height": 0,
        "justifyContent": "flex-end",
        "overflow": "hidden",
        "position": "absolute",
        "transform": Array [
          Object {
            "translateY": 1230,
          },
        ],
        "width": "100%",
      }
    }
  >
    <View
      style={
        Object {
          "flex": 1,
          "transform": Array [
            Object {
              "translateY": 0,
            },
          ],
        }
      }
    />
    <View
      style={
        Object {
          "alignItems": "center",
          "backgroundColor": "#ffffff",
          "bottom": 0,
          "flex": 1,
          "height": 24,
          "left": 0,
          "position": "absolute",
          "right": 0,
        }
      }
    >
      <View>
        <View
          style={
            Object {
              "backgroundColor": "lightblue",
              "borderRadius": 3,
              "height": 7,
              "marginTop": 10,
              "width": 38,
            }
          }
        />
      </View>
    </View>
  </View>
  <View
    style={
      Object {
        "backgroundColor": "#ffffff",
        "flexDirection": "row",
        "height": 104,
        "justifyContent": "space-around",
        "left": 0,
        "marginLeft": 15,
        "marginRight": 15,
        "opacity": 0,
        "paddingBottom": 7,
        "paddingTop": 15,
        "position": "absolute",
        "right": 0,
        "top": 0,
        "transform": Array [
          Object {
            "translateY": -104,
          },
        ],
      }
    }
  >
    <Text
      accessible={true}
      allowFontScaling={false}
      ellipsizeMode="tail"
      numberOfLines={1}
      style={
        Object {
          "color": "#b6c1cd",
          "fontSize": 13,
          "textAlign": "center",
          "width": 32,
        }
      }
    >
      Mon
    </Text>
    <Text
      accessible={true}
      allowFontScaling={false}
      ellipsizeMode="tail"
      numberOfLines={1}
      style={
        Object {
          "color": "#b6c1cd",
          "fontSize": 13,
          "textAlign": "center",
          "width": 32,
        }
      }
    >
      Tue
    </Text>
    <Text
      accessible={true}
      allowFontScaling={false}
      ellipsizeMode="tail"
      numberOfLines={1}
      style={
        Object {
          "color": "#b6c1cd",
          "fontSize": 13,
          "textAlign": "center",
          "width": 32,
        }
      }
    >
      Wed
    </Text>
    <Text
      accessible={true}
      allowFontScaling={false}
      ellipsizeMode="tail"
      numberOfLines={1}
      style={
        Object {
          "color": "#b6c1cd",
          "fontSize": 13,
          "textAlign": "center",
          "width": 32,
        }
      }
    >
      Thu
    </Text>
    <Text
      accessible={true}
      allowFontScaling={false}
      ellipsizeMode="tail"
      numberOfLines={1}
      style={
        Object {
          "color": "#b6c1cd",
          "fontSize": 13,
          "textAlign": "center",
          "width": 32,
        }
      }
    >
      Fri
    </Text>
    <Text
      accessible={true}
      allowFontScaling={false}
      ellipsizeMode="tail"
      numberOfLines={1}
      style={
        Object {
          "color": "#b6c1cd",
          "fontSize": 13,
          "textAlign": "center",
          "width": 32,
        }
      }
    >
      Sat
    </Text>
    <Text
      accessible={true}
      allowFontScaling={false}
      ellipsizeMode="tail"
      numberOfLines={1}
      style={
        Object {
          "color": "#b6c1cd",
          "fontSize": 13,
          "textAlign": "center",
          "width": 32,
        }
      }
    >
      Sun
    </Text>
  </View>
</View>
`;
